// Jest Snapshot v1, https://goo.gl/fbAQLP

exports[`Box display 1`] = `
<div
  className="css-194we7b"
>
  Hello
</div>
`;
